stm32f1xx_it.c:74:6:NMI_Handler	4	static
stm32f1xx_it.c:87:6:HardFault_Handler	4	static
stm32f1xx_it.c:113:6:MemManage_Handler	4	static
stm32f1xx_it.c:128:6:BusFault_Handler	4	static
stm32f1xx_it.c:143:6:UsageFault_Handler	4	static
stm32f1xx_it.c:158:6:SVC_Handler	4	static
stm32f1xx_it.c:171:6:DebugMon_Handler	4	static
stm32f1xx_it.c:184:6:PendSV_Handler	4	static
stm32f1xx_it.c:197:6:SysTick_Handler	8	static
stm32f1xx_it.c:218:6:RTC_IRQHandler	8	static
stm32f1xx_it.c:232:6:RCC_IRQHandler	4	static
stm32f1xx_it.c:245:6:I2C1_EV_IRQHandler	8	static
stm32f1xx_it.c:259:6:I2C1_ER_IRQHandler	8	static
stm32f1xx_it.c:273:6:RTC_Alarm_IRQHandler	8	static
