stm32f1xx_it.c:74:6:NMI_Handler	4	static
stm32f1xx_it.c:87:6:HardFault_Handler	8	static
stm32f1xx_it.c:115:6:MemManage_Handler	4	static
stm32f1xx_it.c:130:6:BusFault_Handler	4	static
stm32f1xx_it.c:145:6:UsageFault_Handler	4	static
stm32f1xx_it.c:160:6:SVC_Handler	4	static
stm32f1xx_it.c:173:6:DebugMon_Handler	4	static
stm32f1xx_it.c:186:6:PendSV_Handler	4	static
stm32f1xx_it.c:199:6:SysTick_Handler	8	static
stm32f1xx_it.c:220:6:RTC_IRQHandler	8	static
stm32f1xx_it.c:234:6:RCC_IRQHandler	4	static
stm32f1xx_it.c:247:6:I2C1_EV_IRQHandler	8	static
stm32f1xx_it.c:261:6:I2C1_ER_IRQHandler	8	static
stm32f1xx_it.c:275:6:RTC_Alarm_IRQHandler	8	static
